../../Drivers/STM32WBxx_HAL_Driver/Inc/stm32wbxx_ll_system.h:2223:26:LL_FLASH_GetUDN	4	static
../../Drivers/STM32WBxx_HAL_Driver/Inc/stm32wbxx_ll_system.h:2235:26:LL_FLASH_GetDeviceID	4	static
../../Drivers/STM32WBxx_HAL_Driver/Inc/stm32wbxx_ll_system.h:2247:26:LL_FLASH_GetSTCompanyID	4	static
C:/Users/robert.miller/STM32CubeIDE/workspace_1.12.1/BLE_CableReplacement/STM32_WPAN/App/app_ble.c:289:6:APP_BLE_Init	80	static
C:/Users/robert.miller/STM32CubeIDE/workspace_1.12.1/BLE_CableReplacement/STM32_WPAN/App/app_ble.c:460:13:LinkConfiguration	8	static
C:/Users/robert.miller/STM32CubeIDE/workspace_1.12.1/BLE_CableReplacement/STM32_WPAN/App/app_ble.c:467:28:SVCCTL_App_Notification	112	static
C:/Users/robert.miller/STM32CubeIDE/workspace_1.12.1/BLE_CableReplacement/STM32_WPAN/App/app_ble.c:876:22:APP_BLE_Get_Client_Connection_Status	16	static
C:/Users/robert.miller/STM32CubeIDE/workspace_1.12.1/BLE_CableReplacement/STM32_WPAN/App/app_ble.c:882:6:APP_BLE_Key_Button1_Action	4	static
C:/Users/robert.miller/STM32CubeIDE/workspace_1.12.1/BLE_CableReplacement/STM32_WPAN/App/app_ble.c:886:6:APP_BLE_Key_Button2_Action	4	static
C:/Users/robert.miller/STM32CubeIDE/workspace_1.12.1/BLE_CableReplacement/STM32_WPAN/App/app_ble.c:890:6:APP_BLE_Key_Button3_Action	4	static
C:/Users/robert.miller/STM32CubeIDE/workspace_1.12.1/BLE_CableReplacement/STM32_WPAN/App/app_ble.c:901:13:Ble_Tl_Init	16	static
C:/Users/robert.miller/STM32CubeIDE/workspace_1.12.1/BLE_CableReplacement/STM32_WPAN/App/app_ble.c:912:13:Ble_Hci_Gap_Gatt_Init	72	static
C:/Users/robert.miller/STM32CubeIDE/workspace_1.12.1/BLE_CableReplacement/STM32_WPAN/App/app_ble.c:1238:13:Adv_Request	56	static
C:/Users/robert.miller/STM32CubeIDE/workspace_1.12.1/BLE_CableReplacement/STM32_WPAN/App/app_ble.c:1328:13:Adv_Mgr	8	static
C:/Users/robert.miller/STM32CubeIDE/workspace_1.12.1/BLE_CableReplacement/STM32_WPAN/App/app_ble.c:1340:13:Adv_Update	8	static
C:/Users/robert.miller/STM32CubeIDE/workspace_1.12.1/BLE_CableReplacement/STM32_WPAN/App/app_ble.c:1348:16:BleGetBdAddress	32	static
C:/Users/robert.miller/STM32CubeIDE/workspace_1.12.1/BLE_CableReplacement/STM32_WPAN/App/app_ble.c:1458:6:hci_notify_asynch_evt	16	static
C:/Users/robert.miller/STM32CubeIDE/workspace_1.12.1/BLE_CableReplacement/STM32_WPAN/App/app_ble.c:1465:6:hci_cmd_resp_release	16	static
C:/Users/robert.miller/STM32CubeIDE/workspace_1.12.1/BLE_CableReplacement/STM32_WPAN/App/app_ble.c:1472:6:hci_cmd_resp_wait	16	static
C:/Users/robert.miller/STM32CubeIDE/workspace_1.12.1/BLE_CableReplacement/STM32_WPAN/App/app_ble.c:1479:13:BLE_UserEvtRx	24	static
C:/Users/robert.miller/STM32CubeIDE/workspace_1.12.1/BLE_CableReplacement/STM32_WPAN/App/app_ble.c:1499:13:BLE_StatusNot	24	static
C:/Users/robert.miller/STM32CubeIDE/workspace_1.12.1/BLE_CableReplacement/STM32_WPAN/App/app_ble.c:1538:6:SVCCTL_ResumeUserEventFlow	8	static
