C:/Users/robert.miller/STM32CubeIDE/workspace_1.12.1/BLE_CableReplacement/STM32_WPAN/App/crs_app.c:85:6:CRSAPP_Init	8	static
C:/Users/robert.miller/STM32CubeIDE/workspace_1.12.1/BLE_CableReplacement/STM32_WPAN/App/crs_app.c:104:6:CRS_STM_Notification	16	static
C:/Users/robert.miller/STM32CubeIDE/workspace_1.12.1/BLE_CableReplacement/STM32_WPAN/App/crs_app.c:166:13:CRSAPP_Transmit	8	static
C:/Users/robert.miller/STM32CubeIDE/workspace_1.12.1/BLE_CableReplacement/STM32_WPAN/App/crs_app.c:175:10:ModRTU_CRC	32	static
C:/Users/robert.miller/STM32CubeIDE/workspace_1.12.1/BLE_CableReplacement/STM32_WPAN/App/crs_app.c:196:16:check_crc	40	dynamic
C:/Users/robert.miller/STM32CubeIDE/workspace_1.12.1/BLE_CableReplacement/STM32_WPAN/App/crs_app.c:219:13:CRSAPP_Terminal_UART_RxCpltCallback	8	static
C:/Users/robert.miller/STM32CubeIDE/workspace_1.12.1/BLE_CableReplacement/STM32_WPAN/App/crs_app.c:247:13:CRSAPP_Terminal_Init	16	static
