C:/Users/robert.miller/STM32CubeIDE/workspace_1.12.1/BLE_CableReplacement/Middlewares/ST/STM32_WPAN/ble/menu/DispTools.c:191:6:ConsoleMenu_Init	16	static
C:/Users/robert.miller/STM32CubeIDE/workspace_1.12.1/BLE_CableReplacement/Middlewares/ST/STM32_WPAN/ble/menu/DispTools.c:211:6:ConsoleMenu_UART_RxCpltCallback	8	static
C:/Users/robert.miller/STM32CubeIDE/workspace_1.12.1/BLE_CableReplacement/Middlewares/ST/STM32_WPAN/ble/menu/DispTools.c:222:10:UartTransmitStr	24	static
C:/Users/robert.miller/STM32CubeIDE/workspace_1.12.1/BLE_CableReplacement/Middlewares/ST/STM32_WPAN/ble/menu/DispTools.c:238:10:UartTransmitStrSz	24	static
C:/Users/robert.miller/STM32CubeIDE/workspace_1.12.1/BLE_CableReplacement/Middlewares/ST/STM32_WPAN/ble/menu/DispTools.c:265:6:UartReadChar	32	static
C:/Users/robert.miller/STM32CubeIDE/workspace_1.12.1/BLE_CableReplacement/Middlewares/ST/STM32_WPAN/ble/menu/DispTools.c:360:8:ReadPcStr	24	static
C:/Users/robert.miller/STM32CubeIDE/workspace_1.12.1/BLE_CableReplacement/Middlewares/ST/STM32_WPAN/ble/menu/DispTools.c:527:6:ClearLines	24	static
C:/Users/robert.miller/STM32CubeIDE/workspace_1.12.1/BLE_CableReplacement/Middlewares/ST/STM32_WPAN/ble/menu/DispTools.c:547:6:ClearScreen	8	static
C:/Users/robert.miller/STM32CubeIDE/workspace_1.12.1/BLE_CableReplacement/Middlewares/ST/STM32_WPAN/ble/menu/DispTools.c:563:6:PosCur	48	static
C:/Users/robert.miller/STM32CubeIDE/workspace_1.12.1/BLE_CableReplacement/Middlewares/ST/STM32_WPAN/ble/menu/DispTools.c:584:6:SaveCursorPos	8	static
C:/Users/robert.miller/STM32CubeIDE/workspace_1.12.1/BLE_CableReplacement/Middlewares/ST/STM32_WPAN/ble/menu/DispTools.c:599:6:RestoreCursorPos	8	static
C:/Users/robert.miller/STM32CubeIDE/workspace_1.12.1/BLE_CableReplacement/Middlewares/ST/STM32_WPAN/ble/menu/DispTools.c:620:9:IsDigit	16	static
C:/Users/robert.miller/STM32CubeIDE/workspace_1.12.1/BLE_CableReplacement/Middlewares/ST/STM32_WPAN/ble/menu/DispTools.c:642:9:IsSpace	16	static
C:/Users/robert.miller/STM32CubeIDE/workspace_1.12.1/BLE_CableReplacement/Middlewares/ST/STM32_WPAN/ble/menu/DispTools.c:662:10:StringLength	24	static
C:/Users/robert.miller/STM32CubeIDE/workspace_1.12.1/BLE_CableReplacement/Middlewares/ST/STM32_WPAN/ble/menu/DispTools.c:691:15:AToDec	32	static
C:/Users/robert.miller/STM32CubeIDE/workspace_1.12.1/BLE_CableReplacement/Middlewares/ST/STM32_WPAN/ble/menu/DispTools.c:745:8:AToHex	24	static
C:/Users/robert.miller/STM32CubeIDE/workspace_1.12.1/BLE_CableReplacement/Middlewares/ST/STM32_WPAN/ble/menu/DispTools.c:810:6:DummyFunc	12	static
C:/Users/robert.miller/STM32CubeIDE/workspace_1.12.1/BLE_CableReplacement/Middlewares/ST/STM32_WPAN/ble/menu/DispTools.c:825:6:PrintCrt	32	static
C:/Users/robert.miller/STM32CubeIDE/workspace_1.12.1/BLE_CableReplacement/Middlewares/ST/STM32_WPAN/ble/menu/DispTools.c:909:6:PrintPcCrt	40	static
C:/Users/robert.miller/STM32CubeIDE/workspace_1.12.1/BLE_CableReplacement/Middlewares/ST/STM32_WPAN/ble/menu/DispTools.c:1002:6:DisplayTitle	40	static
C:/Users/robert.miller/STM32CubeIDE/workspace_1.12.1/BLE_CableReplacement/Middlewares/ST/STM32_WPAN/ble/menu/DispTools.c:1041:6:DisplaySubTitle	40	static
C:/Users/robert.miller/STM32CubeIDE/workspace_1.12.1/BLE_CableReplacement/Middlewares/ST/STM32_WPAN/ble/menu/DispTools.c:1069:10:DisplaySTMVersion	16	static
C:/Users/robert.miller/STM32CubeIDE/workspace_1.12.1/BLE_CableReplacement/Middlewares/ST/STM32_WPAN/ble/menu/DispTools.c:1108:10:DisplayMenu	32	static
C:/Users/robert.miller/STM32CubeIDE/workspace_1.12.1/BLE_CableReplacement/Middlewares/ST/STM32_WPAN/ble/menu/DispTools.c:1194:13:_DisplayMenu	64	static
C:/Users/robert.miller/STM32CubeIDE/workspace_1.12.1/BLE_CableReplacement/Middlewares/ST/STM32_WPAN/ble/menu/DispTools.c:1281:8:CreateMenu	72	static
C:/Users/robert.miller/STM32CubeIDE/workspace_1.12.1/BLE_CableReplacement/Middlewares/ST/STM32_WPAN/ble/menu/DispTools.c:1572:6:DeleteMenu	16	static
C:/Users/robert.miller/STM32CubeIDE/workspace_1.12.1/BLE_CableReplacement/Middlewares/ST/STM32_WPAN/ble/menu/DispTools.c:1611:10:RunMenu	56	static
C:/Users/robert.miller/STM32CubeIDE/workspace_1.12.1/BLE_CableReplacement/Middlewares/ST/STM32_WPAN/ble/menu/DispTools.c:1817:10:CheckVaribleType	24	static
C:/Users/robert.miller/STM32CubeIDE/workspace_1.12.1/BLE_CableReplacement/Middlewares/ST/STM32_WPAN/ble/menu/DispTools.c:1878:10:SelectBox	32	static
C:/Users/robert.miller/STM32CubeIDE/workspace_1.12.1/BLE_CableReplacement/Middlewares/ST/STM32_WPAN/ble/menu/DispTools.c:1983:10:SelectNumberBox	32	static
C:/Users/robert.miller/STM32CubeIDE/workspace_1.12.1/BLE_CableReplacement/Middlewares/ST/STM32_WPAN/ble/menu/DispTools.c:2080:6:GetNumberBox_Range	104	static
C:/Users/robert.miller/STM32CubeIDE/workspace_1.12.1/BLE_CableReplacement/Middlewares/ST/STM32_WPAN/ble/menu/DispTools.c:2239:10:NbDigit	32	static
