../../Drivers/STM32WBxx_HAL_Driver/Inc/stm32wbxx_ll_bus.h:539:22:LL_AHB2_GRP1_EnableClock	24	static
../../Drivers/STM32WBxx_HAL_Driver/Inc/stm32wbxx_ll_bus.h:1274:22:LL_APB2_GRP1_EnableClock	24	static
C:/Users/robert.miller/STM32CubeIDE/workspace_1.12.1/BLE_CableReplacement/Drivers/BSP/P-NUCLEO-WB55.Nucleo/stm32wbxx_nucleo.c:185:10:BSP_GetVersion	4	static
C:/Users/robert.miller/STM32CubeIDE/workspace_1.12.1/BLE_CableReplacement/Drivers/BSP/P-NUCLEO-WB55.Nucleo/stm32wbxx_nucleo.c:203:6:BSP_LED_Init	40	static
C:/Users/robert.miller/STM32CubeIDE/workspace_1.12.1/BLE_CableReplacement/Drivers/BSP/P-NUCLEO-WB55.Nucleo/stm32wbxx_nucleo.c:231:6:BSP_LED_DeInit	40	static
C:/Users/robert.miller/STM32CubeIDE/workspace_1.12.1/BLE_CableReplacement/Drivers/BSP/P-NUCLEO-WB55.Nucleo/stm32wbxx_nucleo.c:251:6:BSP_LED_On	16	static
C:/Users/robert.miller/STM32CubeIDE/workspace_1.12.1/BLE_CableReplacement/Drivers/BSP/P-NUCLEO-WB55.Nucleo/stm32wbxx_nucleo.c:265:6:BSP_LED_Off	16	static
C:/Users/robert.miller/STM32CubeIDE/workspace_1.12.1/BLE_CableReplacement/Drivers/BSP/P-NUCLEO-WB55.Nucleo/stm32wbxx_nucleo.c:279:6:BSP_LED_Toggle	16	static
C:/Users/robert.miller/STM32CubeIDE/workspace_1.12.1/BLE_CableReplacement/Drivers/BSP/P-NUCLEO-WB55.Nucleo/stm32wbxx_nucleo.c:306:6:BSP_PB_Init	40	static
C:/Users/robert.miller/STM32CubeIDE/workspace_1.12.1/BLE_CableReplacement/Drivers/BSP/P-NUCLEO-WB55.Nucleo/stm32wbxx_nucleo.c:350:6:BSP_PB_DeInit	40	static
C:/Users/robert.miller/STM32CubeIDE/workspace_1.12.1/BLE_CableReplacement/Drivers/BSP/P-NUCLEO-WB55.Nucleo/stm32wbxx_nucleo.c:368:10:BSP_PB_GetState	16	static
C:/Users/robert.miller/STM32CubeIDE/workspace_1.12.1/BLE_CableReplacement/Drivers/BSP/P-NUCLEO-WB55.Nucleo/stm32wbxx_nucleo.c:388:9:BSP_JOY_Init	8	static
C:/Users/robert.miller/STM32CubeIDE/workspace_1.12.1/BLE_CableReplacement/Drivers/BSP/P-NUCLEO-WB55.Nucleo/stm32wbxx_nucleo.c:418:18:BSP_JOY_GetState	16	static
C:/Users/robert.miller/STM32CubeIDE/workspace_1.12.1/BLE_CableReplacement/Drivers/BSP/P-NUCLEO-WB55.Nucleo/stm32wbxx_nucleo.c:483:13:SPIx_MspInit	32	static
C:/Users/robert.miller/STM32CubeIDE/workspace_1.12.1/BLE_CableReplacement/Drivers/BSP/P-NUCLEO-WB55.Nucleo/stm32wbxx_nucleo.c:518:13:SPIx_Init	8	static
C:/Users/robert.miller/STM32CubeIDE/workspace_1.12.1/BLE_CableReplacement/Drivers/BSP/P-NUCLEO-WB55.Nucleo/stm32wbxx_nucleo.c:558:13:SPIx_WriteReadData	40	static
C:/Users/robert.miller/STM32CubeIDE/workspace_1.12.1/BLE_CableReplacement/Drivers/BSP/P-NUCLEO-WB55.Nucleo/stm32wbxx_nucleo.c:576:13:SPIx_Write	32	static
C:/Users/robert.miller/STM32CubeIDE/workspace_1.12.1/BLE_CableReplacement/Drivers/BSP/P-NUCLEO-WB55.Nucleo/stm32wbxx_nucleo.c:595:13:SPIx_Error	8	static
C:/Users/robert.miller/STM32CubeIDE/workspace_1.12.1/BLE_CableReplacement/Drivers/BSP/P-NUCLEO-WB55.Nucleo/stm32wbxx_nucleo.c:614:6:SD_IO_Init	32	static
C:/Users/robert.miller/STM32CubeIDE/workspace_1.12.1/BLE_CableReplacement/Drivers/BSP/P-NUCLEO-WB55.Nucleo/stm32wbxx_nucleo.c:658:6:SD_IO_CSState	16	static
C:/Users/robert.miller/STM32CubeIDE/workspace_1.12.1/BLE_CableReplacement/Drivers/BSP/P-NUCLEO-WB55.Nucleo/stm32wbxx_nucleo.c:677:6:SD_IO_WriteReadData	24	static
C:/Users/robert.miller/STM32CubeIDE/workspace_1.12.1/BLE_CableReplacement/Drivers/BSP/P-NUCLEO-WB55.Nucleo/stm32wbxx_nucleo.c:688:9:SD_IO_WriteByte	24	static
C:/Users/robert.miller/STM32CubeIDE/workspace_1.12.1/BLE_CableReplacement/Drivers/BSP/P-NUCLEO-WB55.Nucleo/stm32wbxx_nucleo.c:702:6:LCD_IO_Init	32	static
C:/Users/robert.miller/STM32CubeIDE/workspace_1.12.1/BLE_CableReplacement/Drivers/BSP/P-NUCLEO-WB55.Nucleo/stm32wbxx_nucleo.c:733:6:LCD_IO_WriteReg	16	static
C:/Users/robert.miller/STM32CubeIDE/workspace_1.12.1/BLE_CableReplacement/Drivers/BSP/P-NUCLEO-WB55.Nucleo/stm32wbxx_nucleo.c:754:6:LCD_IO_WriteMultipleData	24	static
C:/Users/robert.miller/STM32CubeIDE/workspace_1.12.1/BLE_CableReplacement/Drivers/BSP/P-NUCLEO-WB55.Nucleo/stm32wbxx_nucleo.c:810:6:LCD_Delay	16	static
C:/Users/robert.miller/STM32CubeIDE/workspace_1.12.1/BLE_CableReplacement/Drivers/BSP/P-NUCLEO-WB55.Nucleo/stm32wbxx_nucleo.c:823:13:ADCx_MspInit	120	static
C:/Users/robert.miller/STM32CubeIDE/workspace_1.12.1/BLE_CableReplacement/Drivers/BSP/P-NUCLEO-WB55.Nucleo/stm32wbxx_nucleo.c:853:26:ADCx_Init	8	static
